[    1903ms] [WARNING] Failed to decode downloaded font: https://pollyfills.api.intuit.com/font/6de4baf41d47a25e2122afa4923b57f07f9e23bad30e0dea652ebcbf6ffbbb66.woff @ https://login.mailchimp.com/?referrer=%2Faudience%2Ftags:404
[    1903ms] [WARNING] OTS parsing error: maxp: Bad maxZones: 0
cmap: No subtables in cmap!
cmap: Failed to parse table @ https://login.mailchimp.com/?referrer=%2Faudience%2Ftags:404
[    3866ms] [WARNING] Failed to decode downloaded font: https://pollyfills.api.intuit.com/font/6de4baf41d47a25e2122afa4923b57f07f9e23bad30e0dea652ebcbf6ffbbb66.woff @ https://cdn.cookielaw.org/scripttemplates/202601.2.0/otBannerSdk.js:6
[    3866ms] [WARNING] OTS parsing error: maxp: Bad maxZones: 0
cmap: No subtables in cmap!
cmap: Failed to parse table @ https://cdn.cookielaw.org/scripttemplates/202601.2.0/otBannerSdk.js:6
[    8620ms] [WARNING] The resource https://mailchimp.com/cdn/product/release/dist/js-src/61569.355ee6546a900c49.js was preloaded using link preload but not used within a few seconds from the window's load event. Please make sure it has an appropriate `as` value and it is preloaded intentionally. @ https://login.mailchimp.com/preload/:0
[    8620ms] [WARNING] The resource https://mailchimp.com/cdn/product/release/dist/js-src/75653.578929a566641cae.css was preloaded using link preload but not used within a few seconds from the window's load event. Please make sure it has an appropriate `as` value and it is preloaded intentionally. @ https://login.mailchimp.com/preload/:0
[    8620ms] [WARNING] The resource https://mailchimp.com/cdn/product/release/dist/js-src/75717.30be9df1b07c34e4.js was preloaded using link preload but not used within a few seconds from the window's load event. Please make sure it has an appropriate `as` value and it is preloaded intentionally. @ https://login.mailchimp.com/preload/:0
[    8620ms] [WARNING] The resource https://mailchimp.com/cdn/product/release/dist/js-src/38711.aec296ae40b96aaa.js was preloaded using link preload but not used within a few seconds from the window's load event. Please make sure it has an appropriate `as` value and it is preloaded intentionally. @ https://login.mailchimp.com/preload/:0
[    8620ms] [WARNING] The resource https://mailchimp.com/cdn/product/release/dist/js-src/92058.4b8afa023fd0f4a4.js was preloaded using link preload but not used within a few seconds from the window's load event. Please make sure it has an appropriate `as` value and it is preloaded intentionally. @ https://login.mailchimp.com/preload/:0
[    8620ms] [WARNING] The resource https://mailchimp.com/cdn/product/release/dist/js-src/74077.284fada9aa21cd6b.css was preloaded using link preload but not used within a few seconds from the window's load event. Please make sure it has an appropriate `as` value and it is preloaded intentionally. @ https://login.mailchimp.com/preload/:0
[    8620ms] [WARNING] The resource https://mailchimp.com/cdn/product/release/dist/js-src/67873.262d0698c4fd0226.js was preloaded using link preload but not used within a few seconds from the window's load event. Please make sure it has an appropriate `as` value and it is preloaded intentionally. @ https://login.mailchimp.com/preload/:0
[    8620ms] [WARNING] The resource https://mailchimp.com/cdn/product/release/dist/js-src/71141.7d5e0557e4211e0c.js was preloaded using link preload but not used within a few seconds from the window's load event. Please make sure it has an appropriate `as` value and it is preloaded intentionally. @ https://login.mailchimp.com/preload/:0
[    8620ms] [WARNING] The resource https://mailchimp.com/cdn/product/release/dist/js-src/76803.74a1a5c35ce74182.js was preloaded using link preload but not used within a few seconds from the window's load event. Please make sure it has an appropriate `as` value and it is preloaded intentionally. @ https://login.mailchimp.com/preload/:0
[    8620ms] [WARNING] The resource https://mailchimp.com/cdn/product/release/dist/js-src/80907.517f5aeae2af2411.js was preloaded using link preload but not used within a few seconds from the window's load event. Please make sure it has an appropriate `as` value and it is preloaded intentionally. @ https://login.mailchimp.com/preload/:0
[    8620ms] [WARNING] The resource https://mailchimp.com/cdn/product/release/dist/js-src/mainAsync.6ef0f10181cea601.js was preloaded using link preload but not used within a few seconds from the window's load event. Please make sure it has an appropriate `as` value and it is preloaded intentionally. @ https://login.mailchimp.com/preload/:0
[    8620ms] [WARNING] The resource https://mailchimp.com/cdn/product/release/dist/js-src/4005.cd5dea96f6a63a7f.js was preloaded using link preload but not used within a few seconds from the window's load event. Please make sure it has an appropriate `as` value and it is preloaded intentionally. @ https://login.mailchimp.com/preload/:0
[    8620ms] [WARNING] The resource https://mailchimp.com/cdn/product/release/dist/js-src/webpack-runtime.2a73bd19a1f9f1e2.js was preloaded using link preload but not used within a few seconds from the window's load event. Please make sure it has an appropriate `as` value and it is preloaded intentionally. @ https://login.mailchimp.com/preload/:0
[    8620ms] [WARNING] The resource https://mailchimp.com/cdn/product/release/dist/js-src/86027.629e04ab930287fe.js was preloaded using link preload but not used within a few seconds from the window's load event. Please make sure it has an appropriate `as` value and it is preloaded intentionally. @ https://login.mailchimp.com/preload/:0
[    8620ms] [WARNING] The resource https://mailchimp.com/cdn/product/release/dist/js-src/vendor.6fa9bc155d41b036.css was preloaded using link preload but not used within a few seconds from the window's load event. Please make sure it has an appropriate `as` value and it is preloaded intentionally. @ https://login.mailchimp.com/preload/:0
[    8620ms] [WARNING] The resource https://mailchimp.com/cdn/product/release/dist/js-src/main.1affa768eaee4708.css was preloaded using link preload but not used within a few seconds from the window's load event. Please make sure it has an appropriate `as` value and it is preloaded intentionally. @ https://login.mailchimp.com/preload/:0
[    8620ms] [WARNING] The resource https://mailchimp.com/cdn/product/release/dist/js-src/26223.588277cb7018cfcd.js was preloaded using link preload but not used within a few seconds from the window's load event. Please make sure it has an appropriate `as` value and it is preloaded intentionally. @ https://login.mailchimp.com/preload/:0
[    8620ms] [WARNING] The resource https://mailchimp.com/cdn/product/release/dist/js-src/17528.521b06b31a7b4b1c.js was preloaded using link preload but not used within a few seconds from the window's load event. Please make sure it has an appropriate `as` value and it is preloaded intentionally. @ https://login.mailchimp.com/preload/:0
[    8620ms] [WARNING] The resource https://mailchimp.com/cdn/product/release/dist/js-src/87009.fae9e2c05d077293.js was preloaded using link preload but not used within a few seconds from the window's load event. Please make sure it has an appropriate `as` value and it is preloaded intentionally. @ https://login.mailchimp.com/preload/:0
[    8620ms] [WARNING] The resource https://mailchimp.com/cdn/product/release/dist/js-src/72.6888c45c30d919e2.js was preloaded using link preload but not used within a few seconds from the window's load event. Please make sure it has an appropriate `as` value and it is preloaded intentionally. @ https://login.mailchimp.com/preload/:0
[    8620ms] [WARNING] The resource https://mailchimp.com/cdn/product/release/dist/js-src/vendor.765db2c8cdf1f969.js was preloaded using link preload but not used within a few seconds from the window's load event. Please make sure it has an appropriate `as` value and it is preloaded intentionally. @ https://login.mailchimp.com/preload/:0
[    8620ms] [WARNING] The resource https://mailchimp.com/cdn/product/release/dist/js-src/74077.f16f3d0d1cea4c8f.js was preloaded using link preload but not used within a few seconds from the window's load event. Please make sure it has an appropriate `as` value and it is preloaded intentionally. @ https://login.mailchimp.com/preload/:0
[    8620ms] [WARNING] The resource https://mailchimp.com/cdn/product/release/dist/js-src/87240.a84202eeed1222d2.js was preloaded using link preload but not used within a few seconds from the window's load event. Please make sure it has an appropriate `as` value and it is preloaded intentionally. @ https://login.mailchimp.com/preload/:0
[    8620ms] [WARNING] The resource https://mailchimp.com/cdn/product/release/dist/js-src/14890.65cd7488b380a230.js was preloaded using link preload but not used within a few seconds from the window's load event. Please make sure it has an appropriate `as` value and it is preloaded intentionally. @ https://login.mailchimp.com/preload/:0
[    8621ms] [WARNING] The resource https://mailchimp.com/cdn/product/release/dist/js-src/29702.d496bad121893fa2.js was preloaded using link preload but not used within a few seconds from the window's load event. Please make sure it has an appropriate `as` value and it is preloaded intentionally. @ https://login.mailchimp.com/preload/:0
[    8621ms] [WARNING] The resource https://mailchimp.com/cdn/product/release/dist/js-src/64996.7ca4f86896d3be44.js was preloaded using link preload but not used within a few seconds from the window's load event. Please make sure it has an appropriate `as` value and it is preloaded intentionally. @ https://login.mailchimp.com/preload/:0
[    8621ms] [WARNING] The resource https://mailchimp.com/cdn/product/release/dist/js-src/86027.741c993dc9e6b9a0.css was preloaded using link preload but not used within a few seconds from the window's load event. Please make sure it has an appropriate `as` value and it is preloaded intentionally. @ https://login.mailchimp.com/preload/:0
[    8621ms] [WARNING] The resource https://mailchimp.com/cdn/product/release/dist/js-src/25527.1e3ff3aed1e2e213.js was preloaded using link preload but not used within a few seconds from the window's load event. Please make sure it has an appropriate `as` value and it is preloaded intentionally. @ https://login.mailchimp.com/preload/:0
[    8621ms] [WARNING] The resource https://mailchimp.com/cdn/product/release/dist/js-src/20764.a4eeb8b678cc0e0e.js was preloaded using link preload but not used within a few seconds from the window's load event. Please make sure it has an appropriate `as` value and it is preloaded intentionally. @ https://login.mailchimp.com/preload/:0
[    8621ms] [WARNING] The resource https://mailchimp.com/cdn/product/release/dist/js-src/73550.ab2c6c14344a6302.js was preloaded using link preload but not used within a few seconds from the window's load event. Please make sure it has an appropriate `as` value and it is preloaded intentionally. @ https://login.mailchimp.com/preload/:0
[    8621ms] [WARNING] The resource https://mailchimp.com/cdn/product/release/dist/js-src/97805.1d9afe06cbd74da7.js was preloaded using link preload but not used within a few seconds from the window's load event. Please make sure it has an appropriate `as` value and it is preloaded intentionally. @ https://login.mailchimp.com/preload/:0
[    8621ms] [WARNING] The resource https://mailchimp.com/cdn/product/release/dist/js-src/main.a37d12aee9139bb1.js was preloaded using link preload but not used within a few seconds from the window's load event. Please make sure it has an appropriate `as` value and it is preloaded intentionally. @ https://login.mailchimp.com/preload/:0
[    8621ms] [WARNING] The resource https://mailchimp.com/cdn/product/release/dist/js-src/17878.e816e82c518fc347.js was preloaded using link preload but not used within a few seconds from the window's load event. Please make sure it has an appropriate `as` value and it is preloaded intentionally. @ https://login.mailchimp.com/preload/:0
[    8621ms] [WARNING] The resource https://mailchimp.com/cdn/product/release/dist/js-src/26223.3c03989a5d5fb918.css was preloaded using link preload but not used within a few seconds from the window's load event. Please make sure it has an appropriate `as` value and it is preloaded intentionally. @ https://login.mailchimp.com/preload/:0
